"H:\Documenti\Embarcadero\Studio\Projects\ImageDup\build\test-190de8fa5de947ae851730910b5cd89c\compressed.jpg","H:\Documenti\Embarcadero\Studio\Projects\ImageDup\build\test-190de8fa5de947ae851730910b5cd89c\copy.png",0,0.0110918146611189
"H:\Documenti\Embarcadero\Studio\Projects\ImageDup\build\test-190de8fa5de947ae851730910b5cd89c\compressed.jpg","H:\Documenti\Embarcadero\Studio\Projects\ImageDup\build\test-190de8fa5de947ae851730910b5cd89c\original.png",0,0.0110918146611189
"H:\Documenti\Embarcadero\Studio\Projects\ImageDup\build\test-190de8fa5de947ae851730910b5cd89c\copy.png","H:\Documenti\Embarcadero\Studio\Projects\ImageDup\build\test-190de8fa5de947ae851730910b5cd89c\original.png",0,0
"H:\Documenti\Embarcadero\Studio\Projects\ImageDup\build\test-190de8fa5de947ae851730910b5cd89c\compressed.jpg","H:\Documenti\Embarcadero\Studio\Projects\ImageDup\build\test-190de8fa5de947ae851730910b5cd89c\nested\resized.png",0,0.0129067352928678
"H:\Documenti\Embarcadero\Studio\Projects\ImageDup\build\test-190de8fa5de947ae851730910b5cd89c\copy.png","H:\Documenti\Embarcadero\Studio\Projects\ImageDup\build\test-190de8fa5de947ae851730910b5cd89c\nested\resized.png",0,0.00692284462816686
"H:\Documenti\Embarcadero\Studio\Projects\ImageDup\build\test-190de8fa5de947ae851730910b5cd89c\original.png","H:\Documenti\Embarcadero\Studio\Projects\ImageDup\build\test-190de8fa5de947ae851730910b5cd89c\nested\resized.png",0,0.00692284462816686
Immagini: 7; coppie candidate: 6; errori: 0
Errore: System Error.  Code: 80.
File esistente
"H:\Documenti\Embarcadero\Studio\Projects\ImageDup\build\test-190de8fa5de947ae851730910b5cd89c\compressed.jpg","H:\Documenti\Embarcadero\Studio\Projects\ImageDup\build\test-190de8fa5de947ae851730910b5cd89c\copy.png",0,0.0110918146611189
"H:\Documenti\Embarcadero\Studio\Projects\ImageDup\build\test-190de8fa5de947ae851730910b5cd89c\compressed.jpg","H:\Documenti\Embarcadero\Studio\Projects\ImageDup\build\test-190de8fa5de947ae851730910b5cd89c\original.png",0,0.0110918146611189
"H:\Documenti\Embarcadero\Studio\Projects\ImageDup\build\test-190de8fa5de947ae851730910b5cd89c\copy.png","H:\Documenti\Embarcadero\Studio\Projects\ImageDup\build\test-190de8fa5de947ae851730910b5cd89c\original.png",0,0
Immagini: 6; coppie candidate: 3; errori: 0
Errore: Distanza richiesta: intero tra 0 e 63
"H:\Documenti\Embarcadero\Studio\Projects\ImageDup\build\test-190de8fa5de947ae851730910b5cd89c\compressed.jpg","H:\Documenti\Embarcadero\Studio\Projects\ImageDup\build\test-190de8fa5de947ae851730910b5cd89c\copy.png",0,0.0110918146611189
"H:\Documenti\Embarcadero\Studio\Projects\ImageDup\build\test-190de8fa5de947ae851730910b5cd89c\compressed.jpg","H:\Documenti\Embarcadero\Studio\Projects\ImageDup\build\test-190de8fa5de947ae851730910b5cd89c\original.png",0,0.0110918146611189
Immagine saltata: H:\Documenti\Embarcadero\Studio\Projects\ImageDup\build\test-190de8fa5de947ae851730910b5cd89c\broken.jpg: JPEG error #53
Immagini: 6; coppie candidate: 3; errori: 1
"H:\Documenti\Embarcadero\Studio\Projects\ImageDup\build\test-190de8fa5de947ae851730910b5cd89c\copy.png","H:\Documenti\Embarcadero\Studio\Projects\ImageDup\build\test-190de8fa5de947ae851730910b5cd89c\original.png",0,0
PASS: ricampionamento, JPEG, copie, falsi positivi, ricorsione, CSV, argomenti e file corrotti. Artefatti: H:\Documenti\Embarcadero\Studio\Projects\ImageDup\build\test-190de8fa5de947ae851730910b5cd89c
